src/components/sections/home/CaseStudySection.tsx(4,29): error TS2307: Cannot find module '../../data/caseStudies.json' or its corresponding type declarations.
src/components/sections/home/CaseStudySection.tsx(160,63): error TS7006: Parameter 'kw' implicitly has an 'any' type.
src/components/sections/home/CaseStudySection.tsx(160,67): error TS7006: Parameter 'index' implicitly has an 'any' type.
